BACKUPS_RETENTION CRITICAL - backups are too young 
