List of available services:

	archives         	Check WAL archives.
	retention        	Check the retention policy.
