FATAL: you must provide --retention-age and/or --retention-full.
Usage:
      check_pgbackrest [-s|--service SERVICE] [-S|--stanza NAME]
      check_pgbackrest [-l|--list]
      check_pgbackrest [--help]

